# Gal-gal lensing. Delta_Sigma(R) vs R, linear approximation
# Resampling: jackknife (32 samples [=subvolumes]).
# Coordinates: comoving
# Cosmolgy: H0 = 72, Omega_M = 0.258, Omega_L = 0.742
#  R(Mpc)  SigR(Msun/pc^2) err(weights) err(resampling) Nsources       <R>          e2
   2.8257254   -0.0142891   15.5767431    0.1111474           11264    2.8323358    0.0401218
   3.1649534    0.0490960   13.8222096    0.1197890           14295    3.1696846    0.0401489
   3.5449058    0.0325891   12.4934487    0.0998881           17506    3.5529645   -0.0509510
   3.9704714   -0.0417691   11.0601683    0.1175917           22334    3.9785522   -0.0230823
   4.4471262    0.0209185    9.9809833    0.0831571           27430    4.4556496   -0.0115991
   4.9810032    0.0900255    8.9055342    0.0714438           34456    4.9915969   -0.0508040
   5.5789722   -0.0140749    7.9813711    0.0759228           42884    5.5911492   -0.0217155
   6.2487273   -0.0154520    7.1389973    0.0837485           53601    6.2618077    0.0415042
   6.9988865   -0.0455044    6.4027541    0.0535201           66648    7.0137400    0.0087607
   7.8391022    0.0350927    5.7400091    0.0618746           82943    7.8567775   -0.0286766
   8.7801857   -0.0354638    5.1404651    0.0487158          103406    8.8005879   -0.0321587
   9.8342462    0.0202422    4.6074181    0.0560267          128711    9.8566211    0.0247369
  11.0148465   -0.0133523    4.1368524    0.0479751          159666   11.0368438    0.0112271
  12.3371779   -0.0304198    3.7113169    0.0474840          198368   12.3630579   -0.0244462
  13.8182549   -0.0929073    3.3312691    0.0493634          246210   13.8473766   -0.0280340
  15.4771352   -0.1651807    2.9901442    0.0553780          305594   15.5098493    0.0072833
  17.3351639   -0.2643495    2.6849510    0.0478490          379019   17.3714346   -0.0304439
  19.4162487   -0.3497356    2.4075777    0.0361012          471358   19.4555056   -0.0185103
  21.7471676   -0.4526816    2.1643021    0.0357803          583319   21.7913642    0.0183529
  24.3579131   -0.5532706    1.9485417    0.0370842          719669   24.4064701    0.0175684
  27.2820784   -0.5772955    1.7518788    0.0333769          890359   27.3357267   -0.0175315
  30.5572894   -0.4194410    1.5735837    0.0314948         1103503   30.6209715    0.0053962
  34.2256892   -0.3056977    1.4184880    0.0313613         1357961   34.2930624    0.0113134
  38.3344801   -0.1883696    1.2769942    0.0283725         1675560   38.4085214    0.0080352
  42.9365309   -0.1269848    1.1507064    0.0340413         2063528   43.0200959    0.0089275
  48.0910576   -0.1292729    1.0366073    0.0357326         2542798   48.1878679   -0.0067255
  53.8643847   -0.0881737    0.9353542    0.0340322         3123007   53.9679894   -0.0089239
  60.3307992   -0.0569542    0.8436374    0.0308674         3839004   60.4499403   -0.0015197
  67.5735061   -0.0386732    0.7615452    0.0245665         4711216   67.7003497   -0.0118977
  75.6856994   -0.0268093    0.6879907    0.0250086         5772283   75.8295451   -0.0051722
