# Gal-gal lensing. Delta_Sigma(R) vs R, linear approximation
# Resampling: jackknife (32 samples [=subvolumes]).
# Coordinates: comoving
# Cosmolgy: H0 = 72, Omega_M = 0.258, Omega_L = 0.742
#  R(Mpc)  SigR(Msun/pc^2) err(weights) err(resampling) Nsources       <R>          e2
   3.4078036    0.0348425   25.5732278    0.2093455            4183    3.4163153   -0.1930529
   3.8169101   -0.1246308   22.8128285    0.2350580            5257    3.8237732    0.0202754
   4.2751298    0.0415026   20.3914428    0.2416996            6578    4.2850474   -0.1735132
   4.7883588   -0.0923065   18.2700382    0.1351202            8196    4.8004514   -0.0649587
   5.3632008   -0.0526385   16.4330575    0.1498538           10125    5.3742167    0.1585655
   6.0070526   -0.1390630   14.5560037    0.1275782           12906    6.0212778    0.0766122
   6.7281987   -0.0625883   12.9636079    0.1179144           16270    6.7401890   -0.0347765
   7.5359184   -0.4242230   11.6629520    0.1322630           20101    7.5521050    0.0982903
   8.4406047   -0.0637377   10.4458825    0.1237371           25057    8.4586127    0.0520725
   9.4538985    0.0173567    9.3790611    0.1044409           31082    9.4695555    0.1815866
  10.5888382   -0.0339937    8.4890673    0.1040488           37946   10.6124826    0.0426105
  11.8600272   -0.1711217    7.6218664    0.1005248           47061   11.8785524    0.1410538
  13.2838224   -0.2148195    6.8201584    0.1071888           58786   13.3122934    0.0840618
  14.8785441   -0.1109328    6.1212867    0.0962351           72966   14.9099187    0.0723538
  16.6647120   -0.1190219    5.5032698    0.0844830           90297   16.6978160    0.0617561
  18.6653091   -0.1166160    4.9386409    0.0812972          112101   18.7018921    0.0930342
  20.9060778   -0.1907312    4.4478631    0.0897493          138208   20.9473412    0.0074859
  23.4158505   -0.3007254    4.0058496    0.1014812          170386   23.4618943    0.0142180
  26.2269212   -0.4493821    3.6076103    0.1010112          210083   26.2793183    0.0331294
  29.3754608   -0.6807733    3.2470626    0.0972469          259322   29.4351253    0.0233962
  32.9019822   -0.7515993    2.9235868    0.1093555          319880   32.9699262   -0.0554745
  36.8518621   -0.5881483    2.6359799    0.1088776          393485   36.9250074   -0.0487792
  41.2759248   -0.4749335    2.3787348    0.0800699          483199   41.3577963    0.0252843
  46.2310958   -0.4369689    2.1483187    0.0780967          592422   46.3182941    0.0004767
  51.7811347   -0.4100175    1.9439343    0.0730746          723518   51.8813931    0.0168781
  57.9974552   -0.3444529    1.7569721    0.0670217          885676   58.1122010   -0.0334798
  64.9600444   -0.2758561    1.5912183    0.0716140         1079817   65.0784937   -0.0268982
  72.7584919   -0.2066811    1.4406343    0.0738492         1317382   72.8924704   -0.0154392
  81.4931422   -0.1461160    1.3067123    0.0711119         1601192   81.6374019   -0.0148390
  91.2763865   -0.0705210    1.1850250    0.0566177         1946980   91.4409785   -0.0000183
