# Gal-gal lensing. Delta_Sigma(R) vs R, linear approximation
# Resampling: jackknife (32 samples [=subvolumes]).
# Coordinates: comoving
# Cosmolgy: H0 = 72, Omega_M = 0.258, Omega_L = 0.742
#  R(Mpc)  SigR(Msun/pc^2) err(weights) err(resampling) Nsources       <R>          e2
   3.1219973   -0.1563451   19.0967396    0.1271425            7492    3.1286386   -0.2727507
   3.4966610   -0.1444221   17.2008688    0.1522092            9235    3.5063661    0.0171245
   3.9162872   -0.2215016   15.1588727    0.1321558           11889    3.9232480    0.0842270
   4.3862719    0.0334171   13.5849133    0.1151347           14800    4.3948635    0.1266764
   4.9126582   -0.0850114   12.2252434    0.0829018           18280    4.9247517   -0.0176873
   5.5022151    0.0233028   10.8533413    0.0942823           23195    5.5139792   -0.0014731
   6.1625232   -0.0440250    9.7994992    0.0902434           28449    6.1752591   -0.0523413
   6.9020735   -0.1355060    8.7851473    0.0833633           35403    6.9137320    0.0658087
   7.7303754   -0.0158647    7.8833945    0.0861665           43959    7.7432656   -0.0314184
   8.6580800   -0.0609928    7.0550153    0.0826445           54894    8.6768671   -0.0521471
   9.6971163   -0.0483451    6.3276125    0.0819745           68239    9.7168691   -0.0973734
  10.8608449   -0.0323407    5.6736205    0.0761235           84865   10.8850410    0.0029287
  12.1642299   -0.0934772    5.1004373    0.0711247          105013   12.1869476   -0.0313083
  13.6240312   -0.0479969    4.5548286    0.0698511          131672   13.6517667    0.0050638
  15.2590198   -0.1247015    4.1139925    0.0567330          161429   15.2924876    0.0344666
  17.0902197   -0.1437747    3.6860137    0.0489412          201085   17.1256410    0.0531964
  19.1411776   -0.1629377    3.3132934    0.0482287          248889   19.1790096   -0.0031116
  21.4382663   -0.2796688    2.9798523    0.0514101          307674   21.4815399    0.0186569
  24.0110233   -0.3899245    2.6818623    0.0557979          379808   24.0576955   -0.0424242
  26.8925310   -0.5971670    2.4172048    0.0556934          467549   26.9444544    0.0167090
  30.1198418   -0.5890860    2.1696161    0.0491751          580305   30.1786314    0.0210616
  33.7344547   -0.4916239    1.9508439    0.0410609          717805   33.7999254   -0.0176372
  37.7828490   -0.4084747    1.7593712    0.0492366          882578   37.8568277    0.0012916
  42.3170818   -0.3215396    1.5845186    0.0530313         1088155   42.4011839   -0.0201644
  47.3954575   -0.3097793    1.4301959    0.0458318         1335656   47.4883180   -0.0036488
  53.0832773   -0.3010553    1.2911482    0.0443697         1638765   53.1845252    0.0159652
  59.4536793   -0.2315784    1.1655905    0.0325285         2010900   59.5667621   -0.0014023
  66.5885786   -0.2365216    1.0530307    0.0366429         2463808   66.7177661   -0.0161361
  74.5797207   -0.2046457    0.9529509    0.0407529         3008407   74.7195347   -0.0016083
  83.5298614   -0.1370221    0.8626116    0.0480669         3671489   83.6842510    0.0133512
