# Gal-gal lensing. Delta_Sigma(R) vs R, linear approximation
# Resampling: jackknife (32 samples [=subvolumes]).
# Coordinates: comoving
# Cosmolgy: H0 = 72, Omega_M = 0.258, Omega_L = 0.742
#  R(Mpc)  SigR(Msun/pc^2) err(weights) err(resampling) Nsources       <R>          e2
   2.2437059   -0.0341412   13.4246772    0.1067940           15166    2.2482249   -0.0906007
   2.5131941    0.0723556   11.9900305    0.0774932           19007    2.5190621    0.1476903
   2.8150503   -0.1125169   10.7603472    0.0860732           23597    2.8207007    0.0916287
   3.1531620   -0.0158972    9.6362688    0.0908443           29425    3.1598058   -0.0924705
   3.5318837   -0.0312021    8.6062958    0.0692225           36887    3.5390035   -0.1130783
   3.9560932   -0.0617733    7.6671993    0.0586011           46489    3.9643092    0.0567149
   4.4312539   -0.0706564    6.8542131    0.0513229           58156    4.4408395    0.0427574
   4.9634855    0.0729289    6.1574597    0.0588488           72071    4.9728075    0.0017991
   5.5596426    0.0030339    5.5104692    0.0472343           89988    5.5717511   -0.0329068
   6.2274033   -0.0451183    4.9330528    0.0415536          112278    6.2400207   -0.0503145
   6.9753678   -0.0368538    4.4011136    0.0354450          141073    6.9899114    0.0154467
   7.8131692   -0.0467936    3.9374281    0.0296764          176238    7.8305310   -0.0078314
   8.7515978   -0.0219515    3.5266718    0.0410225          219710    8.7693597    0.0257011
   9.8027396    0.0025587    3.1674978    0.0411368          272370    9.8233349    0.0340013
  10.9801327   -0.0604715    2.8323802    0.0371983          340621   11.0028870    0.0293094
  12.2989407   -0.1317406    2.5414115    0.0334306          423069   12.3252515   -0.0147567
  13.7761488   -0.2065518    2.2755383    0.0296293          527691   13.8048441   -0.0016566
  15.4307823   -0.2870344    2.0394009    0.0270480          656941   15.4622097    0.0173414
  17.2841515   -0.3828050    1.8275837    0.0270023          818068   17.3207990    0.0064622
  19.3601261   -0.4629381    1.6403780    0.0292374         1015437   19.4005032    0.0165755
  21.6854431   -0.4108418    1.4713536    0.0272176         1262135   21.7305844    0.0073984
  24.2900507   -0.2268282    1.3215519    0.0270609         1564455   24.3396343    0.0403463
  27.2074938   -0.1110236    1.1863546    0.0246894         1941391   27.2625670    0.0263815
  30.4753469   -0.0100029    1.0646828    0.0248101         2410461   30.5386284    0.0100664
  34.1356972    0.0231248    0.9559266    0.0259209         2990121   34.2060033    0.0117290
  38.2356869    0.0470804    0.8585517    0.0215901         3706767   38.3133976   -0.0074321
  42.8281205    0.0769047    0.7721375    0.0172164         4582913   42.9139832    0.0050741
  47.9721447    0.0915545    0.6941811    0.0175800         5670018   48.0670151   -0.0031195
  53.7340102    0.1092864    0.6246710    0.0197583         7001877   53.8406106   -0.0047729
  60.1879252    0.0953100    0.5625631    0.0231042         8633183   60.3068393    0.0014774
