# Gal-gal lensing. Delta_Sigma(R) vs R, linear approximation
# Resampling: jackknife (32 samples [=subvolumes]).
# Coordinates: comoving
# Cosmolgy: H0 = 72, Omega_M = 0.258, Omega_L = 0.742
#  R(Mpc)  SigR(Msun/pc^2) err(weights) err(resampling) Nsources       <R>          e2
   2.5399190    0.0081891   13.8907979    0.0956205           14156    2.5438323   -0.0302161
   2.8447043   -0.0085679   12.4206975    0.0889085           17709    2.8511256    0.0416590
   3.1860631   -0.0995947   11.1626158    0.0849812           21924    3.1928403    0.0205594
   3.5683844   -0.0498398    9.9521461    0.0576856           27582    3.5757537   -0.0859485
   3.9965835   -0.0116425    8.9271064    0.0771877           34275    4.0055651   -0.0062915
   4.4761656    0.0161153    7.9610486    0.0502880           43100    4.4867766    0.0551875
   5.0132966   -0.1493544    7.1396496    0.0675752           53587    5.0231064    0.0184042
   5.6148823   -0.0534716    6.3840151    0.0563849           67015    5.6261714    0.0056193
   6.2886570   -0.0672393    5.7191975    0.0516680           83510    6.3030971   -0.0085717
   7.0432834   -0.0400157    5.1164678    0.0419289          104352    7.0579692   -0.0057176
   7.8884635   -0.0536924    4.5672025    0.0352096          130947    7.9055535    0.0445483
   8.8350635   -0.0645118    4.0979872    0.0435584          162643    8.8534800   -0.0284649
   9.8952536   -0.0503441    3.6782464    0.0439830          201899    9.9156910    0.0189880
  11.0826644   -0.1169184    3.2971823    0.0356431          251276   11.1061205    0.0014071
  12.4125622   -0.1069523    2.9521411    0.0392503          313414   12.4386670   -0.0261583
  13.9020451   -0.1472125    2.6516702    0.0463480          388446   13.9315927    0.0130008
  15.5702630   -0.1923709    2.3761784    0.0352526          483729   15.6033076    0.0127328
  17.4386637   -0.2862249    2.1303421    0.0393151          601886   17.4742757   -0.0066497
  19.5312689   -0.3867188    1.9147215    0.0394611          745056   19.5704526    0.0164273
  21.8749825   -0.4884055    1.7186833    0.0357099          924751   21.9205409    0.0042706
  24.4999370   -0.4695333    1.5411438    0.0334463         1150019   24.5503204    0.0029592
  27.4398810   -0.3511312    1.3855607    0.0311764         1422846   27.4954645   -0.0128244
  30.7326124   -0.2300003    1.2439308    0.0354951         1765255   30.7951777   -0.0004757
  34.4204650   -0.1286238    1.1200507    0.0305677         2177230   34.4894747    0.0130188
  38.5508527   -0.0974387    1.0063400    0.0245583         2697109   38.6284480    0.0207374
  43.1768787   -0.0753573    0.9053168    0.0248347         3332605   43.2626248    0.0004350
  48.3580186   -0.0094784    0.8146574    0.0231885         4115616   48.4547307   -0.0030352
  54.1608851    0.0153505    0.7336929    0.0271247         5073966   54.2685223   -0.0049565
  60.6600841    0.0182292    0.6612564    0.0210653         6246469   60.7797009    0.0064436
  67.9391741    0.0223148    0.5959690    0.0185339         7689747   68.0726539   -0.0008517
