# Gal-gal lensing. Delta_Sigma(R) vs R, linear approximation
# Resampling: jackknife (32 samples [=subvolumes]).
# Coordinates: comoving
# Cosmolgy: H0 = 72, Omega_M = 0.258, Omega_L = 0.742
#  R(Mpc)  SigR(Msun/pc^2) err(weights) err(resampling) Nsources       <R>          e2
   3.5559102   -0.3404969   31.8632915    0.1918684            2694    3.5649401   -0.2889837
   3.9826651   -0.0187743   28.4145372    0.2209812            3385    3.9917416   -0.0291155
   4.4606361    0.0227290   25.7613434    0.2090008            4121    4.4695859   -0.2833952
   4.9959697   -0.2460314   22.6791514    0.2392173            5317    5.0079633   -0.0237457
   5.5955503   -0.0481086   20.2733702    0.1930862            6655    5.6064083    0.0700446
   6.2670883   -0.0731337   18.2449040    0.1672663            8215    6.2800732   -0.0098231
   7.0192194   -0.4539598   16.2443287    0.1447585           10366    7.0337992   -0.0070292
   7.8616160   -0.0968457   14.6380721    0.1396455           12763    7.8765770    0.0328465
   8.8051109   -0.0828893   13.0845294    0.1158376           15968    8.8242300   -0.0408332
   9.8618374   -0.0953368   11.8142507    0.1028394           19595    9.8802426    0.0782209
  11.0453847   -0.1991705   10.5879133    0.0991935           24391   11.0666291    0.1089295
  12.3709728   -0.2783442    9.4793984    0.1257959           30437   12.3926340    0.1242953
  13.8556485   -0.1933471    8.5370225    0.1037152           37515   13.8847532    0.0935682
  15.5185044   -0.0369259    7.6034182    0.1087561           47300   15.5445670    0.0846802
  17.3809244    0.0125311    6.8411278    0.1041276           58430   17.4185785   -0.0030259
  19.4668587   -0.1226038    6.1880561    0.0937513           71414   19.5055783    0.0048788
  21.8031320   -0.3372033    5.5704481    0.1067986           88119   21.8508893    0.0412969
  24.4197880   -0.4986078    5.0150536    0.1115219          108704   24.4674851    0.0185785
  27.3504765   -0.5651940    4.5265094    0.1144170          133463   27.4056092   -0.0726754
  30.6328852   -0.7790196    4.0804509    0.1294572          164240   30.6944068   -0.0135243
  34.3092251   -0.7586873    3.6825893    0.1158756          201635   34.3738177   -0.0086316
  38.4267731   -0.6003805    3.3217102    0.1137755          247810   38.5031890    0.0224774
  43.0384797   -0.6234003    2.9989235    0.0899712          304038   43.1162271   -0.0024428
  48.2036505   -0.5306678    2.7086155    0.0888297          372703   48.2980242    0.0345620
  53.9887081   -0.4260409    2.4522232    0.0749068          454721   54.0900548   -0.0356149
  60.4680469   -0.3221617    2.2222244    0.0822953          553695   60.5799034    0.0158423
  67.7249898   -0.2753644    2.0154095    0.0912248          673216   67.8472923   -0.0369565
  75.8528590   -0.2234520    1.8243923    0.0904823          821567   75.9989406   -0.0278603
  84.9561770   -0.1781354    1.6550601    0.0901102          998283   85.1095443   -0.0015823
  95.1520101   -0.1282476    1.5054413    0.0703665         1206677   95.3162085   -0.0099286
