# Gal-gal lensing. Delta_Sigma(R) vs R, linear approximation
# Resampling: jackknife (32 samples [=subvolumes]).
# Coordinates: comoving
# Cosmolgy: H0 = 72, Omega_M = 0.258, Omega_L = 0.742
#  R(Mpc)  SigR(Msun/pc^2) err(weights) err(resampling) Nsources       <R>          e2
   3.2596970   -0.0397514   21.8449224    0.1630576            5729    3.2685091   -0.1966193
   3.6511550   -0.1576243   19.5120543    0.1292245            7186    3.6588321   -0.1096729
   4.0896233    0.0576385   17.6701813    0.1640029            8760    4.0994982   -0.0891963
   4.5807473    0.0407227   15.6616928    0.1358668           11147    4.5905398   -0.0667696
   5.1308506    0.0398555   14.1032701    0.0887612           13745    5.1436058    0.0340939
   5.7470160   -0.1495113   12.4988113    0.1132962           17502    5.7570364   -0.0861133
   6.4371768   -0.0209985   11.2882419    0.0867738           21454    6.4500364   -0.0289021
   7.2102192   -0.0963249   10.0785346    0.0926247           26920    7.2261326    0.1494186
   8.0760966   -0.1040350    8.9873443    0.0908509           33848    8.0894519   -0.0112556
   9.0459574   -0.0654478    8.0814052    0.0758867           41861    9.0645875   -0.0714993
  10.1322891    0.0088760    7.2781304    0.0792180           51619   10.1552688    0.0022606
  11.3490787   -0.0572655    6.5245700    0.0718487           64235   11.3756679   -0.1098466
  12.7119929   -0.0177178    5.8623266    0.0825809           79563   12.7378704    0.0588479
  14.2385798   -0.0568992    5.2550580    0.0611166           99004   14.2670577   -0.1110233
  15.9484950   -0.1049479    4.7127803    0.0527031          123096   15.9794444    0.0004267
  17.8637545   -0.1355235    4.2356942    0.0661973          152399   17.9003372    0.0319639
  20.0090180   -0.1861822    3.8172126    0.0666971          187626   20.0484372    0.0003192
  22.4119069   -0.2939085    3.4276139    0.0805990          232696   22.4583743    0.0308448
  25.1033594   -0.5000489    3.0926245    0.0625580          285837   25.1491117   -0.0196209
  28.1180292   -0.6321824    2.7895290    0.0564005          351344   28.1752510    0.0032230
  31.4947316   -0.6860194    2.5049181    0.0614770          435699   31.5580802    0.0302613
  35.2769431   -0.4839065    2.2554572    0.0755194          537432   35.3439422   -0.0439638
  39.5133616   -0.3959224    2.0371307    0.0789435          658825   39.5910552   -0.0441725
  44.2585328   -0.4099832    1.8360808    0.0691537          811006   44.3449435   -0.0409419
  49.5735530   -0.4156972    1.6572537    0.0522521          995476   49.6687421   -0.0002717
  55.5268555   -0.3614412    1.4954977    0.0514523         1222429   55.6305266    0.0019210
  62.1950919   -0.2557031    1.3520088    0.0498000         1495594   62.3124004   -0.0235868
  69.6641188   -0.2018666    1.2242053    0.0506425         1824285   69.7977520   -0.0135781
  78.0301033   -0.1254754    1.1078418    0.0567620         2227562   78.1742533   -0.0113389
  87.4007614   -0.0845638    1.0054709    0.0494112         2704328   87.5630248   -0.0050253
