# Gal-gal lensing. Delta_Sigma(R) vs R, linear approximation
# Resampling: jackknife (32 samples [=subvolumes]).
# Coordinates: comoving
# Cosmolgy: H0 = 72, Omega_M = 0.258, Omega_L = 0.742
#  R(Mpc)  SigR(Msun/pc^2) err(weights) err(resampling) Nsources       <R>          e2
   2.9738319   -0.1742677   17.1440490    0.1248217            9293    2.9800167    0.0578362
   3.3307084   -0.0202030   15.2971256    0.0986272           11674    3.3389466   -0.0571465
   3.7304120    0.0177178   13.6655720    0.1253491           14630    3.7374274    0.1080337
   4.1780823    0.1064973   12.1521921    0.1178351           18500    4.1882027    0.0520093
   4.6794756    0.1744369   10.9927214    0.1168745           22606    4.6891185   -0.2680030
   5.2410388    0.0691852    9.8322344    0.0862372           28267    5.2510023   -0.1047863
   5.8699928    0.0541831    8.7894233    0.0719482           35361    5.8810875   -0.0666756
   6.5744248    0.0912668    7.8661939    0.0798811           44146    6.5884677    0.0843640
   7.3633926    0.1409701    7.0524648    0.0857575           54916    7.3798221    0.0394814
   8.2470409    0.0356523    6.3449219    0.0567604           67852    8.2620993   -0.0194746
   9.2367319    0.0171930    5.6866958    0.0700849           84474    9.2556661    0.0188426
  10.3451915   -0.0189770    5.0998948    0.0524460          105043   10.3679019   -0.0103864
  11.5866723   -0.0796849    4.5654643    0.0526069          131081   11.6090656   -0.0179982
  12.9771378   -0.1299928    4.0990828    0.0660853          162601   13.0026318    0.0230556
  14.5344670   -0.1683063    3.6905642    0.0583772          200573   14.5654699    0.0515185
  16.2786843   -0.1929351    3.2991933    0.0537513          250986   16.3108723    0.0473837
  18.2322176   -0.2772759    2.9736430    0.0476400          308951   18.2673399    0.0274556
  20.4201857   -0.2950113    2.6700290    0.0496814          383232   20.4603429   -0.0008050
  22.8707222   -0.3806134    2.3962968    0.0492056          475706   22.9187039    0.0227334
  25.6153369   -0.4913630    2.1592610    0.0441316          585927   25.6662313    0.0126904
  28.6893206   -0.5373148    1.9424433    0.0418082          724040   28.7482887   -0.0058352
  32.1321996   -0.4382021    1.7471660    0.0399555          894905   32.1964061   -0.0074910
  35.9882434   -0.3145618    1.5728941    0.0402644         1104206   36.0599425   -0.0221115
  40.3070339   -0.2488459    1.4200058    0.0446897         1354806   40.3861601    0.0034721
  45.1441035   -0.1688047    1.2784807    0.0441741         1671280   45.2317971    0.0036927
  50.5616486   -0.1763091    1.1522492    0.0432085         2057480   50.6594915   -0.0103220
  56.6293293   -0.1716129    1.0382903    0.0381900         2533898   56.7404512   -0.0193864
  63.4251657   -0.1222652    0.9380976    0.0271407         3104047   63.5472008   -0.0072901
  71.0365405   -0.0854114    0.8475607    0.0272369         3802459   71.1733170   -0.0181058
  79.5613228   -0.0886331    0.7666958    0.0312260         4646887   79.7102614   -0.0022460
