# Gal-gal lensing. Delta_Sigma(R) vs R, linear approximation
# Resampling: jackknife (32 samples [=subvolumes]).
# Coordinates: comoving
# Cosmolgy: H0 = 72, Omega_M = 0.258, Omega_L = 0.742
#  R(Mpc)  SigR(Msun/pc^2) err(weights) err(resampling) Nsources       <R>          e2
   2.6776187   -0.1588018   14.6430719    0.1314626           12740    2.6832708   -0.1420757
   2.9991983    0.0147328   13.0335183    0.0787630           16083    3.0056771    0.0262051
   3.3593992    0.0277055   11.6801042    0.0764755           20026    3.3658560    0.0493921
   3.7628599    0.0452199   10.4100231    0.0672759           25208    3.7705007   -0.0659790
   4.2147758   -0.1029629    9.3678723    0.0683848           31127    4.2244362    0.0754336
   4.7209665   -0.0111236    8.3969939    0.0719810           38741    4.7315834    0.0023550
   5.2879502    0.0130900    7.4904221    0.0495256           48690    5.2992879    0.1063796
   5.9230280   -0.0277349    6.7295636    0.0478965           60327    5.9345484    0.0204877
   6.6343782    0.0111108    6.0062962    0.0541972           75710    6.6470862   -0.0056805
   7.4311608   -0.0693538    5.3677548    0.0576819           94805    7.4471633    0.0114442
   8.3236363    0.0119734    4.8094454    0.0559584          118105    8.3417907   -0.0053568
   9.3232973   -0.0351286    4.3118284    0.0442858          146947    9.3411090    0.0518017
  10.4430166   -0.0246484    3.8684328    0.0476218          182555   10.4632570    0.0083151
  11.6972131   -0.0581369    3.4656648    0.0448840          227426   11.7221973   -0.0048109
  13.1020375   -0.1177790    3.1094340    0.0365136          282531   13.1292859   -0.0077169
  14.6755800   -0.1643710    2.7943477    0.0445074          349833   14.7039820    0.0218440
  16.4381035   -0.2075857    2.5034343    0.0390271          435872   16.4711639   -0.0038052
  18.4123044   -0.2985463    2.2489582    0.0470889          540086   18.4508263    0.0014176
  20.6236050   -0.3783012    2.0187389    0.0461191          670289   20.6653126    0.0044915
  23.1004807   -0.5513485    1.8104158    0.0459434          833414   23.1491247   -0.0093875
  25.8748269   -0.5470837    1.6275732    0.0380171         1031243   25.9280150    0.0009680
  28.9823695   -0.4037447    1.4624129    0.0281789         1277311   29.0421974   -0.0046905
  32.4631250   -0.2730962    1.3151498    0.0277795         1579312   32.5276872    0.0037177
  36.3619161   -0.1736449    1.1837688    0.0297243         1949304   36.4337546    0.0120647
  40.7289483   -0.0739321    1.0651450    0.0347413         2407667   40.8098773    0.0099792
  45.6204570   -0.0685632    0.9587876    0.0343062         2971373   45.7120541    0.0072587
  51.0994314   -0.0267395    0.8634438    0.0322044         3663861   51.2000545   -0.0153641
  57.2364254   -0.0174424    0.7780469    0.0268127         4512154   57.3508805   -0.0136555
  64.1104667   -0.0142970    0.7019427    0.0273206         5543523   64.2354177    0.0013989
  71.8100740    0.0140063    0.6335590    0.0281006         6804847   71.9481344    0.0050610
