# Gal-gal lensing. Delta_Sigma(R) vs R, linear approximation
# Resampling: jackknife (32 samples [=subvolumes]).
# Coordinates: comoving
# Cosmolgy: H0 = 72, Omega_M = 0.258, Omega_L = 0.742
#  R(Mpc)  SigR(Msun/pc^2) err(weights) err(resampling) Nsources       <R>          e2
   2.3918125    0.0812960   13.5644036    0.0716829           14852    2.3969544   -0.0291907
   2.6789493    0.0873067   12.1129446    0.1046583           18627    2.6856339    0.0231661
   3.0005570    0.0843303   10.8505611    0.0948049           23212    3.0065979   -0.0214557
   3.3607736    0.0453686    9.6571649    0.0680556           29306    3.3687199   -0.0228581
   3.7642341    0.0199423    8.6438488    0.0726602           36578    3.7727496   -0.0275609
   4.2161301   -0.0063706    7.7022918    0.0367962           46066    4.2253702    0.0132351
   4.7222761   -0.0343392    6.9267903    0.0600428           56953    4.7323461   -0.0350939
   5.2891849   -0.0199677    6.2019583    0.0524479           71031    5.3001577   -0.0267549
   5.9241511   -0.0976508    5.5355600    0.0493496           89184    5.9361156   -0.0434550
   6.6353449   -0.1584175    4.9596855    0.0436575          111095    6.6500551    0.0208118
   7.4319175   -0.0782985    4.4337440    0.0457178          139009    7.4468923   -0.0841050
   8.3241185   -0.0908584    3.9880893    0.0372103          171819    8.3408796   -0.0422879
   9.3234282   -0.0280373    3.5731485    0.0307962          214044    9.3418079   -0.0141383
  10.4427049   -0.0757100    3.2020321    0.0335963          266506   10.4646939   -0.0115031
  11.6963506   -0.0695829    2.8682857    0.0295306          332137   11.7200655    0.0062595
  13.1004965   -0.1590368    2.5710923    0.0259873          413333   13.1276559    0.0123648
  14.6732099   -0.2344733    2.3017708    0.0342131          515706   14.7041653    0.0313049
  16.4347274   -0.2972870    2.0668047    0.0324305          639691   16.4690888    0.0044095
  18.4077149   -0.4045837    1.8549220    0.0361170          794174   18.4447500   -0.0039238
  20.6175594   -0.5156938    1.6655853    0.0321131          984985   20.6601777    0.0022783
  23.0926955   -0.4556929    1.4926418    0.0315279         1226448   23.1391529   -0.0247910
  25.8649715   -0.2946815    1.3408144    0.0346911         1519965   25.9170512   -0.0063673
  28.9700590   -0.1630719    1.2042363    0.0354430         1884290   29.0283358    0.0022060
  32.4479120   -0.0818544    1.0811621    0.0351744         2337592   32.5130257   -0.0054404
  36.3432809   -0.0369792    0.9718192    0.0305984         2893193   36.4152424    0.0100925
  40.7062884   -0.0197961    0.8736033    0.0263018         3580315   40.7886971    0.0006567
  45.5930747    0.0267671    0.7859095    0.0224155         4423831   45.6839875    0.0066755
  51.0665191    0.0655590    0.7071482    0.0231588         5464288   51.1673810    0.0137267
  57.1970501    0.0622095    0.6370263    0.0239679         6733334   57.3110914   -0.0039330
  64.0635508    0.0785479    0.5738811    0.0190351         8296315   64.1888966   -0.0057448
