# Gal-gal lensing. Delta_Sigma(R) vs R, linear approximation
# Resampling: jackknife (32 samples [=subvolumes]).
# Coordinates: comoving
# Cosmolgy: H0 = 70, Omega_M = 0.3, Omega_L = 0.7
#  R(Mpc)  SigR(Msun/pc^2) err(weights) err(resampling) Nsources       <R>          e2
   1.1200499    0.1822963    7.6083179    2.6503716           57837    1.1296972   -0.5571652
   1.4051158    2.8161948    6.0993931    2.8817027           89931    1.4168319   -4.7988724
   1.7627344    4.9601617    4.9108814    2.2716500          138606    1.7773935    0.5898976
   2.2113711    5.2784723    3.9652186    1.7244033          212433    2.2291871   -3.5146091
   2.7741911    3.0958893    3.2004182    1.6122629          325872    2.7964194   -0.1545430
   3.4802555    5.6608400    2.6007465    0.9025591          493773    3.5070910   -0.1047713
   4.3660216    5.0144672    2.1220810    1.2597950          740367    4.3992667    0.0698750
   5.4772256    3.4439214    1.7322274    0.9971699         1110479    5.5186656   -0.1848316
   6.8712441    3.0849967    1.4198394    0.7829962         1653443    6.9230648   -0.8423754
   8.6200568    2.0138721    1.1645189    0.5846688         2455671    8.6838961    0.2354447
  10.8139630    2.0797923    0.9584055    0.5594269         3624486   10.8925590   -0.1570633
  13.5662441    1.2406651    0.7912378    0.5489391         5315017   13.6644537    0.2209645
  17.0190133    1.2139765    0.6546828    0.4976737         7751419   17.1390059    0.1597545
  21.3505531    0.9566642    0.5443601    0.3960959        11191448   21.4971123    0.3359142
  26.7845207    0.8924474    0.4563116    0.3520715        15890021   26.9575638    0.0074175
